/*---------------------------------------------------------------------------*\
| =========                 |                                                 |
| \\      /  F ield         | OpenFOAM: The Open Source CFD Toolbox           |
|  \\    /   O peration     | Version:  2606                                  |
|   \\  /    A nd           | Website:  www.openfoam.com                      |
|    \\/     M anipulation  |                                                 |
\*---------------------------------------------------------------------------*/
Build  : _481094fdf3-20260618 OPENFOAM=2606 version=v2606
Arch   : "LSB;label=32;scalar=64"
Exec   : checkMesh
Date   : Oct 07 2026
Time   : 22:50:38
Host   : Manbirs-MacBook-Air.local
PID    : 2739
I/O    : uncollated
Case   : /Users/stepheneacuello/Projects/windtunnel-control/cfd/rotor2d/runs/_mesh/A_fine_wf_U23.0_th000.0
nProcs : 1
trapFpe: Floating point exception trapping enabled (FOAM_SIGFPE).
memory pool : not available
fileModificationChecking : Monitoring run-time modified files using timeStampMaster (fileModificationSkew 5, maxFileModificationPolls 20)

--> FOAM Warning : allowSystemOperations : Allowing user-supplied system call operations.
                   This can be a security risk if running untrusted cases
                   through e.g. 'coded' on-the-fly-compilation functionality.

// * * * * * * * * * * * * * * * * * * * * * * * * * * * * * * * * * * * * * //
Create time

--> FOAM Warning : 
    From static Foam::instantList Foam::timeSelector::select0(Time &, const argList &)
    in file db/Time/timeSelector.C at line 284
    No time specified or available, selecting 'constant'
Create mesh for time = constant

Check mesh...

Time = constant

Mesh stats 
    points:           239458
    internal points:  0
    faces:            475684
    internal faces:   236202
    cells:            118651
    faces per cell:   5.99983143842
    boundary patches: 9
    point zones:      0
    face zones:       0
    cell zones:       1

Overall number of cells of each type:
    hexahedra:     118631
    prisms:        20
    wedges:        0
    pyramids:      0
    tet wedges:    0
    tetrahedra:    0
    polyhedra:     0

Checking topology...
    Boundary definition OK.
    Cell to face addressing OK.
    Point usage OK.
    Upper triangular ordering OK.
    Face vertices OK.
   *Number of regions: 2
    The mesh has multiple regions which are not connected by any face.
  <<Writing region information to "constant/cellToRegion"
  <<Writing region 0 with 35122 cells to cellSet region0
  <<Writing region 1 with 83529 cells to cellSet region1

Checking patch topology for multiply connected surfaces...
    Patch               Faces    Points     Surface topology
    blade1              312      624      ok (non-closed singly connected)  
    blade2              312      624      ok (non-closed singly connected)  
    blade3              312      624      ok (non-closed singly connected)  
    AMI1                512      1024     ok (non-closed singly connected)  
    AMI2                512      1024     ok (non-closed singly connected)  
    inlet               50       102      ok (non-closed singly connected)  
    outlet              50       102      ok (non-closed singly connected)  
    sides               120      244      ok (non-closed singly connected)  
    frontAndBack        237302   239458   ok (non-closed singly connected)  
    ".*"                239482   239458   ok (closed singly connected)      


Checking faceZone topology for multiply connected surfaces...
    No faceZones found.

Checking basic cellZone addressing...
    CellZone            Cells        Points       Volume       BoundingBox
    rotor               35122        71672        0.000514275261865 (-0.12841986662 -0.12841986662 0) (0.12841986662 0.12841986662 0.01)

Checking basic pointZone addressing...
    No pointZones found.

Checking geometry...
    Overall domain bounding box (-2.5 -3.75 0) (6.25 3.75 0.01)
    Mesh has 2 geometric (non-empty/wedge) directions (1 1 0)
    Mesh has 2 solution (non-empty) directions (1 1 0)
    All edges aligned with or perpendicular to non-empty directions.
    Boundary openness (-2.14212868861e-20 7.08550258541e-20 1.44411105026e-14) OK.
    Max cell openness = 2.81791430476e-16 OK.
    Max aspect ratio = 5.67201416671 OK.
    Minimum face area = 4.83845927258e-08. Maximum face area = 0.0342685401275.  Face area magnitudes OK.
    Min volume = 4.83845927258e-10. Max volume = 0.000342685401275.  Total volume = 0.65624618742.  Cell volumes OK.
    Mesh non-orthogonality Max: 57.0881913235 average: 5.32596558071
    Non-orthogonality check OK.
    Face pyramids OK.
    Max skewness = 2.17483612768 OK.
    Coupled point location match (average 0) OK.

Mesh OK.

End

