/*---------------------------------------------------------------------------*\
| =========                 |                                                 |
| \\      /  F ield         | OpenFOAM: The Open Source CFD Toolbox           |
|  \\    /   O peration     | Version:  2606                                  |
|   \\  /    A nd           | Website:  www.openfoam.com                      |
|    \\/     M anipulation  |                                                 |
\*---------------------------------------------------------------------------*/
Build  : _481094fdf3-20260618 OPENFOAM=2606 version=v2606
Arch   : "LSB;label=32;scalar=64"
Exec   : checkMesh
Date   : Oct 07 2026
Time   : 22:52:12
Host   : Manbirs-MacBook-Air.local
PID    : 11080
I/O    : uncollated
Case   : /Users/stepheneacuello/Projects/windtunnel-control/cfd/rotor2d/runs/_mesh/A_medium_wf_U23.0_th000.0_walls-0.6_0.6
nProcs : 1
trapFpe: Floating point exception trapping enabled (FOAM_SIGFPE).
memory pool : not available
fileModificationChecking : Monitoring run-time modified files using timeStampMaster (fileModificationSkew 5, maxFileModificationPolls 20)

--> FOAM Warning : allowSystemOperations : Allowing user-supplied system call operations.
                   This can be a security risk if running untrusted cases
                   through e.g. 'coded' on-the-fly-compilation functionality.

// * * * * * * * * * * * * * * * * * * * * * * * * * * * * * * * * * * * * * //
Create time

--> FOAM Warning : 
    From static Foam::instantList Foam::timeSelector::select0(Time &, const argList &)
    in file db/Time/timeSelector.C at line 284
    No time specified or available, selecting 'constant'
Create mesh for time = constant

Check mesh...

Time = constant

Mesh stats 
    points:           121434
    internal points:  0
    faces:            240434
    internal faces:   118988
    cells:            59905
    faces per cell:   5.99986645522
    boundary patches: 9
    point zones:      0
    face zones:       0
    cell zones:       1

Overall number of cells of each type:
    hexahedra:     59897
    prisms:        8
    wedges:        0
    pyramids:      0
    tet wedges:    0
    tetrahedra:    0
    polyhedra:     0

Checking topology...
    Boundary definition OK.
    Cell to face addressing OK.
    Point usage OK.
    Upper triangular ordering OK.
    Face vertices OK.
   *Number of regions: 2
    The mesh has multiple regions which are not connected by any face.
  <<Writing region information to "constant/cellToRegion"
  <<Writing region 0 with 18015 cells to cellSet region0
  <<Writing region 1 with 41890 cells to cellSet region1

Checking patch topology for multiply connected surfaces...
    Patch               Faces    Points     Surface topology
    blade1              224      448      ok (non-closed singly connected)  
    blade2              224      448      ok (non-closed singly connected)  
    blade3              224      448      ok (non-closed singly connected)  
    AMI1                368      736      ok (non-closed singly connected)  
    AMI2                368      736      ok (non-closed singly connected)  
    inlet               6        14       ok (non-closed singly connected)  
    outlet              6        14       ok (non-closed singly connected)  
    sides               216      436      ok (non-closed singly connected)  
    frontAndBack        119810   121434   ok (non-closed singly connected)  
    ".*"                121446   121434   ok (closed singly connected)      


Checking faceZone topology for multiply connected surfaces...
    No faceZones found.

Checking basic cellZone addressing...
    CellZone            Cells        Points       Volume       BoundingBox
    rotor               18015        37058        0.000514263164246 (-0.12841986662 -0.12841986662 0) (0.12841986662 0.12841986662 0.01)

Checking basic pointZone addressing...
    No pointZones found.

Checking geometry...
    Overall domain bounding box (-2.5 -0.6 0) (6.25 0.6 0.01)
    Mesh has 2 geometric (non-empty/wedge) directions (1 1 0)
    Mesh has 2 solution (non-empty) directions (1 1 0)
    All edges aligned with or perpendicular to non-empty directions.
    Boundary openness (-4.08774285236e-20 -1.63509714094e-19 -4.35150637604e-15) OK.
    Max cell openness = 3.03623856437e-16 OK.
    Max aspect ratio = 4.62369636828 OK.
    Minimum face area = 9.71764103674e-08. Maximum face area = 0.0538152850795.  Face area magnitudes OK.
    Min volume = 9.71764103674e-10. Max volume = 0.000538152850795.  Total volume = 0.10499618749.  Cell volumes OK.
    Mesh non-orthogonality Max: 57.0627222465 average: 4.76667314014
    Non-orthogonality check OK.
    Face pyramids OK.
    Max skewness = 2.0472905855 OK.
    Coupled point location match (average 0) OK.

Mesh OK.

End

