/*---------------------------------------------------------------------------*\
| =========                 |                                                 |
| \\      /  F ield         | OpenFOAM: The Open Source CFD Toolbox           |
|  \\    /   O peration     | Version:  2606                                  |
|   \\  /    A nd           | Website:  www.openfoam.com                      |
|    \\/     M anipulation  |                                                 |
\*---------------------------------------------------------------------------*/
Build  : _481094fdf3-20260618 OPENFOAM=2606 version=v2606
Arch   : "LSB;label=32;scalar=64"
Exec   : checkMesh
Date   : Oct 07 2026
Time   : 19:13:32
Host   : Manbirs-MacBook-Air.local
PID    : 96440
I/O    : uncollated
Case   : /Users/stepheneacuello/Projects/windtunnel-control/cfd/section2d/runs/_mesh/coarse_a180.0
nProcs : 1
trapFpe: Floating point exception trapping enabled (FOAM_SIGFPE).
memory pool : not available
fileModificationChecking : Monitoring run-time modified files using timeStampMaster (fileModificationSkew 5, maxFileModificationPolls 20)

--> FOAM Warning : allowSystemOperations : Allowing user-supplied system call operations.
                   This can be a security risk if running untrusted cases
                   through e.g. 'coded' on-the-fly-compilation functionality.

// * * * * * * * * * * * * * * * * * * * * * * * * * * * * * * * * * * * * * //
Create time

--> FOAM Warning : 
    From static Foam::instantList Foam::timeSelector::select0(Time &, const argList &)
    in file db/Time/timeSelector.C at line 284
    No time specified or available, selecting 'constant'
Create mesh for time = constant

Check mesh...

Time = constant

Mesh stats 
    points:           139050
    internal points:  0
    faces:            276930
    internal faces:   137878
    cells:            69135
    faces per cell:   5.9999711
    boundary patches: 3
    point zones:      0
    face zones:       0
    cell zones:       0

Overall number of cells of each type:
    hexahedra:     69133
    prisms:        2
    wedges:        0
    pyramids:      0
    tet wedges:    0
    tetrahedra:    0
    polyhedra:     0

Checking topology...
    Boundary definition OK.
    Cell to face addressing OK.
    Point usage OK.
    Upper triangular ordering OK.
    Face vertices OK.
    Number of regions: 1 (OK).

Checking patch topology for multiply connected surfaces...
    Patch               Faces    Points     Surface topology
    blade               702      1404     ok (non-closed singly connected)  
    farfield            80       160      ok (non-closed singly connected)  
    frontAndBack        138270   139050   ok (non-closed singly connected)  
    ".*"                139052   139050   ok (closed singly connected)      


Checking faceZone topology for multiply connected surfaces...
    No faceZones found.

Checking basic cellZone addressing...
    No cellZones found.

Checking basic pointZone addressing...
    No pointZones found.

Checking geometry...
    Overall domain bounding box (-1.296 -1.296 0) (1.296 1.296 0.001)
    Mesh has 2 geometric (non-empty/wedge) directions (1 1 0)
    Mesh has 2 solution (non-empty) directions (1 1 0)
    All edges aligned with or perpendicular to non-empty directions.
    Boundary openness (3.8536093e-21 -2.5690729e-20 7.2614621e-15) OK.
    Max cell openness = 1.4585388e-15 OK.
    Max aspect ratio = 46.53737 OK.
    Minimum face area = 2.6621699e-10. Maximum face area = 0.016007827.  Face area magnitudes OK.
    Min volume = 2.6621699e-13. Max volume = 1.6007827e-05.  Total volume = 0.005271119.  Cell volumes OK.
    Mesh non-orthogonality Max: 41.860229 average: 4.0421646
    Non-orthogonality check OK.
    Face pyramids OK.
    Max skewness = 2.4566002 OK.
    Coupled point location match (average 0) OK.

Mesh OK.

End

