/*---------------------------------------------------------------------------*\
| =========                 |                                                 |
| \\      /  F ield         | OpenFOAM: The Open Source CFD Toolbox           |
|  \\    /   O peration     | Version:  2606                                  |
|   \\  /    A nd           | Website:  www.openfoam.com                      |
|    \\/     M anipulation  |                                                 |
\*---------------------------------------------------------------------------*/
Build  : _481094fdf3-20260618 OPENFOAM=2606 version=v2606
Arch   : "LSB;label=32;scalar=64"
Exec   : checkMesh
Date   : Oct 07 2026
Time   : 19:15:57
Host   : Manbirs-MacBook-Air.local
PID    : 4555
I/O    : uncollated
Case   : /Users/stepheneacuello/Projects/windtunnel-control/cfd/section2d/runs/_mesh/fine_a180.0
nProcs : 1
trapFpe: Floating point exception trapping enabled (FOAM_SIGFPE).
memory pool : not available
fileModificationChecking : Monitoring run-time modified files using timeStampMaster (fileModificationSkew 5, maxFileModificationPolls 20)

--> FOAM Warning : allowSystemOperations : Allowing user-supplied system call operations.
                   This can be a security risk if running untrusted cases
                   through e.g. 'coded' on-the-fly-compilation functionality.

// * * * * * * * * * * * * * * * * * * * * * * * * * * * * * * * * * * * * * //
Create time

--> FOAM Warning : 
    From static Foam::instantList Foam::timeSelector::select0(Time &, const argList &)
    in file db/Time/timeSelector.C at line 284
    No time specified or available, selecting 'constant'
Create mesh for time = constant

Check mesh...

Time = constant

Mesh stats 
    points:           501032
    internal points:  0
    faces:            1018372
    internal faces:   504951
    cells:            255952
    faces per cell:   5.9515964
    boundary patches: 3
    point zones:      0
    face zones:       0
    cell zones:       0

Overall number of cells of each type:
    hexahedra:     243563
    prisms:        12389
    wedges:        0
    pyramids:      0
    tet wedges:    0
    tetrahedra:    0
    polyhedra:     0

Checking topology...
    Boundary definition OK.
    Cell to face addressing OK.
    Point usage OK.
    Upper triangular ordering OK.
    Face vertices OK.
    Number of regions: 1 (OK).

Checking patch topology for multiply connected surfaces...
    Patch               Faces    Points     Surface topology
    blade               1381     2762     ok (non-closed singly connected)  
    farfield            136      272      ok (non-closed singly connected)  
    frontAndBack        511904   501032   ok (non-closed singly connected)  
    ".*"                513421   501032   ok (closed singly connected)      


Checking faceZone topology for multiply connected surfaces...
    No faceZones found.

Checking basic cellZone addressing...
    No cellZones found.

Checking basic pointZone addressing...
    No pointZones found.

Checking geometry...
    Overall domain bounding box (-1.296 -1.296 0) (1.296 1.296 0.001)
    Mesh has 2 geometric (non-empty/wedge) directions (1 1 0)
    Mesh has 2 solution (non-empty) directions (1 1 0)
    All edges aligned with or perpendicular to non-empty directions.
    Boundary openness (3.85102e-21 -9.3708154e-20 -1.1800647e-14) OK.
    Max cell openness = 9.8465508e-16 OK.
    Max aspect ratio = 23.104164 OK.
    Minimum face area = 1.3409558e-10. Maximum face area = 0.0054560245.  Face area magnitudes OK.
    Min volume = 1.3409558e-13. Max volume = 5.4560245e-06.  Total volume = 0.0052746653.  Cell volumes OK.
    Mesh non-orthogonality Max: 39.516954 average: 4.1029037
    Non-orthogonality check OK.
    Face pyramids OK.
    Max skewness = 2.4010843 OK.
    Coupled point location match (average 0) OK.

Mesh OK.

End

