/*---------------------------------------------------------------------------*\
| =========                 |                                                 |
| \\      /  F ield         | OpenFOAM: The Open Source CFD Toolbox           |
|  \\    /   O peration     | Version:  2606                                  |
|   \\  /    A nd           | Website:  www.openfoam.com                      |
|    \\/     M anipulation  |                                                 |
\*---------------------------------------------------------------------------*/
Build  : _481094fdf3-20260618 OPENFOAM=2606 version=v2606
Arch   : "LSB;label=32;scalar=64"
Exec   : checkMesh
Date   : Oct 07 2026
Time   : 19:36:54
Host   : Manbirs-MacBook-Air.local
PID    : 22583
I/O    : uncollated
Case   : /Users/stepheneacuello/Projects/windtunnel-control/cfd/rotor2d/runs/_mesh/A_coarse_wf_U23.0_th000.0
nProcs : 1
trapFpe: Floating point exception trapping enabled (FOAM_SIGFPE).
memory pool : not available
fileModificationChecking : Monitoring run-time modified files using timeStampMaster (fileModificationSkew 5, maxFileModificationPolls 20)

--> FOAM Warning : allowSystemOperations : Allowing user-supplied system call operations.
                   This can be a security risk if running untrusted cases
                   through e.g. 'coded' on-the-fly-compilation functionality.

// * * * * * * * * * * * * * * * * * * * * * * * * * * * * * * * * * * * * * //
Create time

--> FOAM Warning : 
    From static Foam::instantList Foam::timeSelector::select0(Time &, const argList &)
    in file db/Time/timeSelector.C at line 284
    No time specified or available, selecting 'constant'
Create mesh for time = constant

Check mesh...

Time = constant

Mesh stats 
    points:           65656
    internal points:  0
    faces:            131275
    internal faces:   64498
    cells:            32815
    faces per cell:   5.96596068871
    boundary patches: 9
    point zones:      0
    face zones:       0
    cell zones:       1

Overall number of cells of each type:
    hexahedra:     31698
    prisms:        1117
    wedges:        0
    pyramids:      0
    tet wedges:    0
    tetrahedra:    0
    polyhedra:     0

Checking topology...
    Boundary definition OK.
    Cell to face addressing OK.
    Point usage OK.
    Upper triangular ordering OK.
    Face vertices OK.
   *Number of regions: 2
    The mesh has multiple regions which are not connected by any face.
  <<Writing region information to "constant/cellToRegion"
  <<Writing region 0 with 9986 cells to cellSet region0
  <<Writing region 1 with 22829 cells to cellSet region1

Checking patch topology for multiply connected surfaces...
    Patch               Faces    Points     Surface topology
    blade1              157      314      ok (non-closed singly connected)  
    blade2              157      314      ok (non-closed singly connected)  
    blade3              157      314      ok (non-closed singly connected)  
    AMI1                272      544      ok (non-closed singly connected)  
    AMI2                272      544      ok (non-closed singly connected)  
    inlet               30       62       ok (non-closed singly connected)  
    outlet              30       62       ok (non-closed singly connected)  
    sides               72       148      ok (non-closed singly connected)  
    frontAndBack        65630    65656    ok (non-closed singly connected)  
    ".*"                66777    65656    ok (closed singly connected)      


Checking faceZone topology for multiply connected surfaces...
    No faceZones found.

Checking basic cellZone addressing...
    CellZone            Cells        Points       Volume       BoundingBox
    rotor               9986         19594        0.000514242070346 (-0.12841986662 -0.12841986662 0) (0.12841986662 0.12841986662 0.01)

Checking basic pointZone addressing...
    No pointZones found.

Checking geometry...
    Overall domain bounding box (-2.5 -3.75 0) (6.25 3.75 0.01)
    Mesh has 2 geometric (non-empty/wedge) directions (1 1 0)
    Mesh has 2 solution (non-empty) directions (1 1 0)
    All edges aligned with or perpendicular to non-empty directions.
    Boundary openness (3.29558261418e-20 0 3.40195325883e-15) OK.
    Max cell openness = 2.18749360228e-16 OK.
    Max aspect ratio = 3.41097584936 OK.
    Minimum face area = 1.59421546817e-07. Maximum face area = 0.0821159032268.  Face area magnitudes OK.
    Min volume = 1.59421546817e-09. Max volume = 0.000821159032268.  Total volume = 0.6562461873.  Cell volumes OK.
    Mesh non-orthogonality Max: 51.5029723448 average: 4.39006560205
    Non-orthogonality check OK.
    Face pyramids OK.
    Max skewness = 1.83435188633 OK.
    Coupled point location match (average 0) OK.

Mesh OK.

End

